gem5 Simulator System.  https://www.gem5.org
gem5 is copyrighted software; use the --copyright option for details.

gem5 version 25.0.0.1
gem5 compiled May  5 2026 12:55:05
gem5 started Jun 29 2026 14:35:55
gem5 executing on cn21.guoehi.cluster, pid 923086
command line: ../../gem5/build/ALL/gem5.opt --outdir=results_ampm_stage1 -m gem5.utils.multisim run_ampm_multisim.py

gem5 Simulator System.  https://www.gem5.org
gem5 is copyrighted software; use the --copyright option for details.

gem5 version 25.0.0.1
gem5 compiled May  5 2026 12:55:05
gem5 started Jun 29 2026 14:36:13
gem5 executing on cn21.guoehi.cluster, pid 923114
command line: /home/fdemirel/HPC_Lab_Proj/ampm/../../gem5/build/ALL/gem5.opt -s -c 'from multiprocessing.resource_tracker import main;main(5)'

gem5 Simulator System.  https://www.gem5.org
gem5 is copyrighted software; use the --copyright option for details.

gem5 version 25.0.0.1
gem5 compiled May  5 2026 12:55:05
gem5 started Jun 29 2026 14:36:13
gem5 executing on cn21.guoehi.cluster, pid 923118
command line: /home/fdemirel/HPC_Lab_Proj/ampm/../../gem5/build/ALL/gem5.opt -s --outdir=results_ampm_stage1 --stdout-file=matmult_ampm_sd2_l2_ddr4_1x_simout.txt --stderr-file=matmult_ampm_sd2_l2_ddr4_1x_simerr.txt --stats-file=stats.txt -c 'from multiprocessing.spawn import spawn_main; spawn_main(tracker_fd=7, pipe_handle=16)' --multiprocessing-fork

info: Error running simulator matmult_ampm_sd2_l2_ddr4_1x: Class ConfiguredAMPMPrefetcher has no parameter start_degree
gem5 Simulator System.  https://www.gem5.org
gem5 is copyrighted software; use the --copyright option for details.

gem5 version 25.0.0.1
gem5 compiled May  5 2026 12:55:05
gem5 started Jun 29 2026 14:36:13
gem5 executing on cn21.guoehi.cluster, pid 923117
command line: /home/fdemirel/HPC_Lab_Proj/ampm/../../gem5/build/ALL/gem5.opt -s --outdir=results_ampm_stage1 --stdout-file=bfs_ampm_ls8_l2_ddr4_2x_simout.txt --stderr-file=bfs_ampm_ls8_l2_ddr4_2x_simerr.txt --stats-file=stats.txt -c 'from multiprocessing.spawn import spawn_main; spawn_main(tracker_fd=7, pipe_handle=14)' --multiprocessing-fork

info: Error running simulator bfs_ampm_ls8_l2_ddr4_2x: Class ConfiguredAMPMPrefetcher has no parameter limit_stride
gem5 Simulator System.  https://www.gem5.org
gem5 is copyrighted software; use the --copyright option for details.

gem5 version 25.0.0.1
gem5 compiled May  5 2026 12:55:05
gem5 started Jun 29 2026 14:36:13
gem5 executing on cn21.guoehi.cluster, pid 923115
command line: /home/fdemirel/HPC_Lab_Proj/ampm/../../gem5/build/ALL/gem5.opt -s --outdir=results_ampm_stage1 --stdout-file=matmult_ampm_epoch128k_l2_ddr4_2x_simout.txt --stderr-file=matmult_ampm_epoch128k_l2_ddr4_2x_simerr.txt --stats-file=stats.txt -c 'from multiprocessing.spawn import spawn_main; spawn_main(tracker_fd=7, pipe_handle=10)' --multiprocessing-fork

info: Error running simulator matmult_ampm_epoch128k_l2_ddr4_2x: Class ConfiguredAMPMPrefetcher has no parameter epoch_cycles
gem5 Simulator System.  https://www.gem5.org
gem5 is copyrighted software; use the --copyright option for details.

gem5 version 25.0.0.1
gem5 compiled May  5 2026 12:55:05
gem5 started Jun 29 2026 14:36:13
gem5 executing on cn21.guoehi.cluster, pid 923116
command line: /home/fdemirel/HPC_Lab_Proj/ampm/../../gem5/build/ALL/gem5.opt -s --outdir=results_ampm_stage1 --stdout-file=merge_ampm_assoc1_l2_ddr4_1x_simout.txt --stderr-file=merge_ampm_assoc1_l2_ddr4_1x_simerr.txt --stats-file=stats.txt -c 'from multiprocessing.spawn import spawn_main; spawn_main(tracker_fd=7, pipe_handle=12)' --multiprocessing-fork

info: Error running simulator merge_ampm_assoc1_l2_ddr4_1x: Class ConfiguredAMPMPrefetcher has no parameter access_map_table_assoc
gem5 Simulator System.  https://www.gem5.org
gem5 is copyrighted software; use the --copyright option for details.

gem5 version 25.0.0.1
gem5 compiled May  5 2026 12:55:05
gem5 started Jun 29 2026 14:36:24
gem5 executing on cn21.guoehi.cluster, pid 923119
command line: /home/fdemirel/HPC_Lab_Proj/ampm/../../gem5/build/ALL/gem5.opt -s --outdir=results_ampm_stage1 --stdout-file=quick_ampm_ampm_amt32_l2_ddr4_2x_simout.txt --stderr-file=quick_ampm_ampm_amt32_l2_ddr4_2x_simerr.txt --stats-file=stats.txt -c 'from multiprocessing.spawn import spawn_main; spawn_main(tracker_fd=7, pipe_handle=14)' --multiprocessing-fork

info: Error running simulator quick_ampm_ampm_amt32_l2_ddr4_2x: Class ConfiguredAMPMPrefetcher has no parameter access_map_table_entries
gem5 Simulator System.  https://www.gem5.org
gem5 is copyrighted software; use the --copyright option for details.

gem5 version 25.0.0.1
gem5 compiled May  5 2026 12:55:05
gem5 started Jun 29 2026 14:36:24
gem5 executing on cn21.guoehi.cluster, pid 923120
command line: /home/fdemirel/HPC_Lab_Proj/ampm/../../gem5/build/ALL/gem5.opt -s --outdir=results_ampm_stage1 --stdout-file=simple_triad_ampm_sd1_l2_ddr4_1x_simout.txt --stderr-file=simple_triad_ampm_sd1_l2_ddr4_1x_simerr.txt --stats-file=stats.txt -c 'from multiprocessing.spawn import spawn_main; spawn_main(tracker_fd=7, pipe_handle=16)' --multiprocessing-fork

info: Error running simulator simple_triad_ampm_sd1_l2_ddr4_1x: Class ConfiguredAMPMPrefetcher has no parameter start_degree
gem5 Simulator System.  https://www.gem5.org
gem5 is copyrighted software; use the --copyright option for details.

gem5 version 25.0.0.1
gem5 compiled May  5 2026 12:55:05
gem5 started Jun 29 2026 14:36:25
gem5 executing on cn21.guoehi.cluster, pid 923122
command line: /home/fdemirel/HPC_Lab_Proj/ampm/../../gem5/build/ALL/gem5.opt -s --outdir=results_ampm_stage1 --stdout-file=matmult_ampm_sd8_l2_ddr4_2x_simout.txt --stderr-file=matmult_ampm_sd8_l2_ddr4_2x_simerr.txt --stats-file=stats.txt -c 'from multiprocessing.spawn import spawn_main; spawn_main(tracker_fd=7, pipe_handle=14)' --multiprocessing-fork

info: Error running simulator matmult_ampm_sd8_l2_ddr4_2x: Class ConfiguredAMPMPrefetcher has no parameter start_degree
gem5 Simulator System.  https://www.gem5.org
gem5 is copyrighted software; use the --copyright option for details.

gem5 version 25.0.0.1
gem5 compiled May  5 2026 12:55:05
gem5 started Jun 29 2026 14:36:25
gem5 executing on cn21.guoehi.cluster, pid 923121
command line: /home/fdemirel/HPC_Lab_Proj/ampm/../../gem5/build/ALL/gem5.opt -s --outdir=results_ampm_stage1 --stdout-file=merge_ampm_epoch512k_l2_ddr4_2x_simout.txt --stderr-file=merge_ampm_epoch512k_l2_ddr4_2x_simerr.txt --stats-file=stats.txt -c 'from multiprocessing.spawn import spawn_main; spawn_main(tracker_fd=7, pipe_handle=11)' --multiprocessing-fork

info: Error running simulator merge_ampm_epoch512k_l2_ddr4_2x: Class ConfiguredAMPMPrefetcher has no parameter epoch_cycles
