gem5 Simulator System.  https://www.gem5.org
gem5 is copyrighted software; use the --copyright option for details.

gem5 version 25.0.0.1
gem5 compiled May  5 2026 12:55:05
gem5 started Jun 19 2026 15:20:00
gem5 executing on cn27.guoehi.cluster, pid 197202
command line: ../../gem5/build/ALL/gem5.opt --outdir=results_nopf_multisim -m gem5.utils.multisim ./run_nopf_multisim.py

gem5 Simulator System.  https://www.gem5.org
gem5 is copyrighted software; use the --copyright option for details.

gem5 version 25.0.0.1
gem5 compiled May  5 2026 12:55:05
gem5 started Jun 19 2026 15:20:01
gem5 executing on cn27.guoehi.cluster, pid 197230
command line: /home/fdemirel/HPC_Lab_Proj/baseline/../../gem5/build/ALL/gem5.opt -s -c 'from multiprocessing.resource_tracker import main;main(5)'

Global frequency set at 1000000000000 ticks per second
Global frequency set at 1000000000000 ticks per second
Global frequency set at 1000000000000 ticks per second
Global frequency set at 1000000000000 ticks per second
src/mem/dram_interface.cc:690: warn: DRAM device capacity (16384 Mbytes) does not match the address range assigned (1024 Mbytes)
src/mem/dram_interface.cc:690: warn: DRAM device capacity (16384 Mbytes) does not match the address range assigned (512 Mbytes)
src/mem/dram_interface.cc:690: warn: DRAM device capacity (16384 Mbytes) does not match the address range assigned (512 Mbytes)
src/base/statistics.hh:279: warn: One of the stats is a legacy stat. Legacy stat is a stat that does not belong to any statistics::Group. Legacy stat is deprecated.
src/base/statistics.hh:279: warn: One of the stats is a legacy stat. Legacy stat is a stat that does not belong to any statistics::Group. Legacy stat is deprecated.
board.remote_gdb: Listening for connections on port 7000
board.remote_gdb: Listening for connections on port 7001
src/mem/dram_interface.cc:690: warn: DRAM device capacity (16384 Mbytes) does not match the address range assigned (1024 Mbytes)
src/mem/dram_interface.cc:690: warn: DRAM device capacity (16384 Mbytes) does not match the address range assigned (512 Mbytes)
src/mem/dram_interface.cc:690: warn: DRAM device capacity (16384 Mbytes) does not match the address range assigned (512 Mbytes)
src/base/statistics.hh:279: warn: One of the stats is a legacy stat. Legacy stat is a stat that does not belong to any statistics::Group. Legacy stat is deprecated.
board.remote_gdb: Listening for connections on port 7002
src/base/statistics.hh:279: warn: One of the stats is a legacy stat. Legacy stat is a stat that does not belong to any statistics::Group. Legacy stat is deprecated.
board.remote_gdb: Listening for connections on port 7003
gem5 Simulator System.  https://www.gem5.org
gem5 is copyrighted software; use the --copyright option for details.

gem5 version 25.0.0.1
gem5 compiled May  5 2026 12:55:05
gem5 started Jun 19 2026 15:20:01
gem5 executing on cn27.guoehi.cluster, pid 197232
command line: /home/fdemirel/HPC_Lab_Proj/baseline/../../gem5/build/ALL/gem5.opt -s --outdir=results_nopf_multisim --stdout-file=quick_nopf_ddr4_1x_simout.txt --stderr-file=quick_nopf_ddr4_1x_simerr.txt --stats-file=stats.txt -c 'from multiprocessing.spawn import spawn_main; spawn_main(tracker_fd=7, pipe_handle=12)' --multiprocessing-fork

src/sim/mem_state.cc:443: info: Increasing stack size by one page.
src/sim/syscall_emul.hh:1121: warn: readlink() called on '/proc/self/exe' may yield unexpected results in various settings.
      Returning '/home/fdemirel/HPC_Lab_Proj/benchmarks/quick/quick-m5.x'
src/arch/arm/insts/pseudo.cc:174: warn: 	instruction 'bti' unimplemented
gem5 Simulator System.  https://www.gem5.org
gem5 is copyrighted software; use the --copyright option for details.

gem5 version 25.0.0.1
gem5 compiled May  5 2026 12:55:05
gem5 started Jun 19 2026 15:20:01
gem5 executing on cn27.guoehi.cluster, pid 197234
command line: /home/fdemirel/HPC_Lab_Proj/baseline/../../gem5/build/ALL/gem5.opt -s --outdir=results_nopf_multisim --stdout-file=quick_nopf_ddr4_2x_simout.txt --stderr-file=quick_nopf_ddr4_2x_simerr.txt --stats-file=stats.txt -c 'from multiprocessing.spawn import spawn_main; spawn_main(tracker_fd=7, pipe_handle=16)' --multiprocessing-fork

gem5 Simulator System.  https://www.gem5.org
gem5 is copyrighted software; use the --copyright option for details.

gem5 version 25.0.0.1
gem5 compiled May  5 2026 12:55:05
gem5 started Jun 19 2026 15:20:01
gem5 executing on cn27.guoehi.cluster, pid 197231
command line: /home/fdemirel/HPC_Lab_Proj/baseline/../../gem5/build/ALL/gem5.opt -s --outdir=results_nopf_multisim --stdout-file=spmv_nopf_ddr4_1x_simout.txt --stderr-file=spmv_nopf_ddr4_1x_simerr.txt --stats-file=stats.txt -c 'from multiprocessing.spawn import spawn_main; spawn_main(tracker_fd=7, pipe_handle=10)' --multiprocessing-fork

src/sim/mem_state.cc:443: info: Increasing stack size by one page.
src/sim/syscall_emul.hh:1121: warn: readlink() called on '/proc/self/exe' may yield unexpected results in various settings.
      Returning '/home/fdemirel/HPC_Lab_Proj/benchmarks/quick/quick-m5.x'
src/sim/mem_state.cc:443: info: Increasing stack size by one page.
src/sim/syscall_emul.hh:1121: warn: readlink() called on '/proc/self/exe' may yield unexpected results in various settings.
      Returning '/home/fdemirel/HPC_Lab_Proj/benchmarks/spmv/spmv-m5.x'
gem5 Simulator System.  https://www.gem5.org
gem5 is copyrighted software; use the --copyright option for details.

gem5 version 25.0.0.1
gem5 compiled May  5 2026 12:55:05
gem5 started Jun 19 2026 15:20:01
gem5 executing on cn27.guoehi.cluster, pid 197233
command line: /home/fdemirel/HPC_Lab_Proj/baseline/../../gem5/build/ALL/gem5.opt -s --outdir=results_nopf_multisim --stdout-file=spmv_nopf_ddr4_2x_simout.txt --stderr-file=spmv_nopf_ddr4_2x_simerr.txt --stats-file=stats.txt -c 'from multiprocessing.spawn import spawn_main; spawn_main(tracker_fd=7, pipe_handle=14)' --multiprocessing-fork

src/arch/arm/insts/pseudo.cc:174: warn: 	instruction 'bti' unimplemented
src/arch/arm/insts/pseudo.cc:174: warn: 	instruction 'bti' unimplemented
src/sim/mem_state.cc:443: info: Increasing stack size by one page.
src/sim/syscall_emul.hh:1121: warn: readlink() called on '/proc/self/exe' may yield unexpected results in various settings.
      Returning '/home/fdemirel/HPC_Lab_Proj/benchmarks/spmv/spmv-m5.x'
src/arch/arm/insts/pseudo.cc:174: warn: 	instruction 'bti' unimplemented
src/sim/mem_state.cc:443: info: Increasing stack size by one page.
src/sim/mem_state.cc:443: info: Increasing stack size by one page.
src/sim/mem_state.cc:443: info: Increasing stack size by one page.
src/sim/mem_state.cc:443: info: Increasing stack size by one page.
src/sim/mem_state.cc:443: info: Increasing stack size by one page.
src/sim/mem_state.cc:443: info: Increasing stack size by one page.
src/sim/mem_state.cc:443: info: Increasing stack size by one page.
src/sim/mem_state.cc:443: info: Increasing stack size by one page.
src/sim/mem_state.cc:443: info: Increasing stack size by one page.
src/sim/mem_state.cc:443: info: Increasing stack size by one page.
src/sim/mem_state.cc:443: info: Increasing stack size by one page.
src/sim/mem_state.cc:443: info: Increasing stack size by one page.
src/sim/mem_state.cc:443: info: Increasing stack size by one page.
src/sim/mem_state.cc:443: info: Increasing stack size by one page.
----spmv----
N_ROWS          : 8192 
N_COLS          : 65536 
NNZ             : 524155 
Execution time: 9.038803 (ms) 
----spmv----
N_ROWS          : 8192 
N_COLS          : 65536 
NNZ             : 524155 
Execution time: 10.589792 (ms) 
Global frequency set at 1000000000000 ticks per second
src/mem/dram_interface.cc:690: warn: DRAM device capacity (16384 Mbytes) does not match the address range assigned (1024 Mbytes)
src/base/statistics.hh:279: warn: One of the stats is a legacy stat. Legacy stat is a stat that does not belong to any statistics::Group. Legacy stat is deprecated.
board.remote_gdb: Listening for connections on port 7000
gem5 Simulator System.  https://www.gem5.org
gem5 is copyrighted software; use the --copyright option for details.

gem5 version 25.0.0.1
gem5 compiled May  5 2026 12:55:05
gem5 started Jun 19 2026 15:21:50
gem5 executing on cn27.guoehi.cluster, pid 197252
command line: /home/fdemirel/HPC_Lab_Proj/baseline/../../gem5/build/ALL/gem5.opt -s --outdir=results_nopf_multisim --stdout-file=simple_triad_nopf_ddr4_1x_simout.txt --stderr-file=simple_triad_nopf_ddr4_1x_simerr.txt --stats-file=stats.txt -c 'from multiprocessing.spawn import spawn_main; spawn_main(tracker_fd=7, pipe_handle=15)' --multiprocessing-fork

src/sim/mem_state.cc:443: info: Increasing stack size by one page.
src/sim/syscall_emul.hh:1121: warn: readlink() called on '/proc/self/exe' may yield unexpected results in various settings.
      Returning '/home/fdemirel/HPC_Lab_Proj/benchmarks/simple_triad/simple_triad-m5.x'
Global frequency set at 1000000000000 ticks per second
src/mem/dram_interface.cc:690: warn: DRAM device capacity (16384 Mbytes) does not match the address range assigned (512 Mbytes)
src/mem/dram_interface.cc:690: warn: DRAM device capacity (16384 Mbytes) does not match the address range assigned (512 Mbytes)
src/base/statistics.hh:279: warn: One of the stats is a legacy stat. Legacy stat is a stat that does not belong to any statistics::Group. Legacy stat is deprecated.
board.remote_gdb: Listening for connections on port 7001
gem5 Simulator System.  https://www.gem5.org
gem5 is copyrighted software; use the --copyright option for details.

gem5 version 25.0.0.1
gem5 compiled May  5 2026 12:55:05
gem5 started Jun 19 2026 15:21:52
gem5 executing on cn27.guoehi.cluster, pid 197255
command line: /home/fdemirel/HPC_Lab_Proj/baseline/../../gem5/build/ALL/gem5.opt -s --outdir=results_nopf_multisim --stdout-file=simple_triad_nopf_ddr4_2x_simout.txt --stderr-file=simple_triad_nopf_ddr4_2x_simerr.txt --stats-file=stats.txt -c 'from multiprocessing.spawn import spawn_main; spawn_main(tracker_fd=7, pipe_handle=14)' --multiprocessing-fork

src/sim/mem_state.cc:443: info: Increasing stack size by one page.
src/sim/syscall_emul.hh:1121: warn: readlink() called on '/proc/self/exe' may yield unexpected results in various settings.
      Returning '/home/fdemirel/HPC_Lab_Proj/benchmarks/simple_triad/simple_triad-m5.x'
Array SIZE      : 1000000 
Array LOOP      : 1 

----triad----
a[0]=7.00e+00. b[0]=2.00e+00. c[0]=1.00e+00.
Execution time: 2.592766 (ms) 
   Rate [MB/s]: 9256.5 
Global frequency set at 1000000000000 ticks per second
src/mem/dram_interface.cc:690: warn: DRAM device capacity (16384 Mbytes) does not match the address range assigned (512 Mbytes)
src/mem/dram_interface.cc:690: warn: DRAM device capacity (16384 Mbytes) does not match the address range assigned (512 Mbytes)
src/base/statistics.hh:279: warn: One of the stats is a legacy stat. Legacy stat is a stat that does not belong to any statistics::Group. Legacy stat is deprecated.
board.remote_gdb: Listening for connections on port 7001
gem5 Simulator System.  https://www.gem5.org
gem5 is copyrighted software; use the --copyright option for details.

gem5 version 25.0.0.1
gem5 compiled May  5 2026 12:55:05
gem5 started Jun 19 2026 15:23:20
gem5 executing on cn27.guoehi.cluster, pid 197264
command line: /home/fdemirel/HPC_Lab_Proj/baseline/../../gem5/build/ALL/gem5.opt -s --outdir=results_nopf_multisim --stdout-file=merge_nopf_ddr4_2x_simout.txt --stderr-file=merge_nopf_ddr4_2x_simerr.txt --stats-file=stats.txt -c 'from multiprocessing.spawn import spawn_main; spawn_main(tracker_fd=7, pipe_handle=14)' --multiprocessing-fork

src/sim/mem_state.cc:443: info: Increasing stack size by one page.
src/sim/syscall_emul.hh:1121: warn: readlink() called on '/proc/self/exe' may yield unexpected results in various settings.
      Returning '/home/fdemirel/HPC_Lab_Proj/benchmarks/merge/merge-m5.x'
src/arch/arm/insts/pseudo.cc:174: warn: 	instruction 'bti' unimplemented
Array SIZE      : 1000000 
Array LOOP      : 1 

----triad----
a[0]=7.00e+00. b[0]=2.00e+00. c[0]=1.00e+00.
Execution time: 2.883853 (ms) 
   Rate [MB/s]: 8322.2 
Global frequency set at 1000000000000 ticks per second
src/mem/dram_interface.cc:690: warn: DRAM device capacity (16384 Mbytes) does not match the address range assigned (1024 Mbytes)
src/base/statistics.hh:279: warn: One of the stats is a legacy stat. Legacy stat is a stat that does not belong to any statistics::Group. Legacy stat is deprecated.
board.remote_gdb: Listening for connections on port 7000
gem5 Simulator System.  https://www.gem5.org
gem5 is copyrighted software; use the --copyright option for details.

gem5 version 25.0.0.1
gem5 compiled May  5 2026 12:55:05
gem5 started Jun 19 2026 15:23:23
gem5 executing on cn27.guoehi.cluster, pid 197267
command line: /home/fdemirel/HPC_Lab_Proj/baseline/../../gem5/build/ALL/gem5.opt -s --outdir=results_nopf_multisim --stdout-file=merge_nopf_ddr4_1x_simout.txt --stderr-file=merge_nopf_ddr4_1x_simerr.txt --stats-file=stats.txt -c 'from multiprocessing.spawn import spawn_main; spawn_main(tracker_fd=7, pipe_handle=14)' --multiprocessing-fork

src/sim/mem_state.cc:443: info: Increasing stack size by one page.
src/sim/syscall_emul.hh:1121: warn: readlink() called on '/proc/self/exe' may yield unexpected results in various settings.
      Returning '/home/fdemirel/HPC_Lab_Proj/benchmarks/merge/merge-m5.x'
src/arch/arm/insts/pseudo.cc:174: warn: 	instruction 'bti' unimplemented
----quick sort----
Array SIZE      : 131072 
random_elem:0, /home/fdemirel/HPC_Lab_Proj/benchmarks/quick/quick-m5.x
Execution time: 9.720847 (ms) 
Global frequency set at 1000000000000 ticks per second
----quick sort----
Array SIZE      : 131072 
random_elem:0, /home/fdemirel/HPC_Lab_Proj/benchmarks/quick/quick-m5.x
Execution time: 9.660634 (ms) 
src/mem/dram_interface.cc:690: warn: DRAM device capacity (16384 Mbytes) does not match the address range assigned (512 Mbytes)
src/mem/dram_interface.cc:690: warn: DRAM device capacity (16384 Mbytes) does not match the address range assigned (512 Mbytes)
src/base/statistics.hh:279: warn: One of the stats is a legacy stat. Legacy stat is a stat that does not belong to any statistics::Group. Legacy stat is deprecated.
board.remote_gdb: Listening for connections on port 7002
gem5 Simulator System.  https://www.gem5.org
gem5 is copyrighted software; use the --copyright option for details.

gem5 version 25.0.0.1
gem5 compiled May  5 2026 12:55:05
gem5 started Jun 19 2026 15:24:04
gem5 executing on cn27.guoehi.cluster, pid 197271
command line: /home/fdemirel/HPC_Lab_Proj/baseline/../../gem5/build/ALL/gem5.opt -s --outdir=results_nopf_multisim --stdout-file=bfs_nopf_ddr4_2x_simout.txt --stderr-file=bfs_nopf_ddr4_2x_simerr.txt --stats-file=stats.txt -c 'from multiprocessing.spawn import spawn_main; spawn_main(tracker_fd=7, pipe_handle=13)' --multiprocessing-fork

src/sim/mem_state.cc:443: info: Increasing stack size by one page.
src/sim/syscall_emul.hh:1121: warn: readlink() called on '/proc/self/exe' may yield unexpected results in various settings.
      Returning '/home/fdemirel/HPC_Lab_Proj/benchmarks/bfs/bfs-m5.x'
src/arch/arm/insts/pseudo.cc:174: warn: 	instruction 'bti' unimplemented
Global frequency set at 1000000000000 ticks per second
Beginning BFS ...
src/mem/dram_interface.cc:690: warn: DRAM device capacity (16384 Mbytes) does not match the address range assigned (1024 Mbytes)
src/base/statistics.hh:279: warn: One of the stats is a legacy stat. Legacy stat is a stat that does not belong to any statistics::Group. Legacy stat is deprecated.
board.remote_gdb: Listening for connections on port 7003
gem5 Simulator System.  https://www.gem5.org
gem5 is copyrighted software; use the --copyright option for details.

gem5 version 25.0.0.1
gem5 compiled May  5 2026 12:55:05
gem5 started Jun 19 2026 15:24:06
gem5 executing on cn27.guoehi.cluster, pid 197275
command line: /home/fdemirel/HPC_Lab_Proj/baseline/../../gem5/build/ALL/gem5.opt -s --outdir=results_nopf_multisim --stdout-file=bfs_nopf_ddr4_1x_simout.txt --stderr-file=bfs_nopf_ddr4_1x_simerr.txt --stats-file=stats.txt -c 'from multiprocessing.spawn import spawn_main; spawn_main(tracker_fd=7, pipe_handle=13)' --multiprocessing-fork

src/sim/mem_state.cc:443: info: Increasing stack size by one page.
src/sim/syscall_emul.hh:1121: warn: readlink() called on '/proc/self/exe' may yield unexpected results in various settings.
      Returning '/home/fdemirel/HPC_Lab_Proj/benchmarks/bfs/bfs-m5.x'
src/arch/arm/insts/pseudo.cc:174: warn: 	instruction 'bti' unimplemented
Beginning BFS ...

----merge----
Execution time: 11.619591 (ms) 
random_elem:0, /home/fdemirel/HPC_Lab_Proj/benchmarks/merge/merge-m5.x

----merge----
Execution time: 11.684783 (ms) 
random_elem:0, /home/fdemirel/HPC_Lab_Proj/benchmarks/merge/merge-m5.x
Global frequency set at 1000000000000 ticks per second
Global frequency set at 1000000000000 ticks per second
src/mem/dram_interface.cc:690: warn: DRAM device capacity (16384 Mbytes) does not match the address range assigned (512 Mbytes)
src/mem/dram_interface.cc:690: warn: DRAM device capacity (16384 Mbytes) does not match the address range assigned (512 Mbytes)
src/base/statistics.hh:279: warn: One of the stats is a legacy stat. Legacy stat is a stat that does not belong to any statistics::Group. Legacy stat is deprecated.
board.remote_gdb: Listening for connections on port 7000
gem5 Simulator System.  https://www.gem5.org
gem5 is copyrighted software; use the --copyright option for details.

gem5 version 25.0.0.1
gem5 compiled May  5 2026 12:55:05
gem5 started Jun 19 2026 15:28:17
gem5 executing on cn27.guoehi.cluster, pid 197286
command line: /home/fdemirel/HPC_Lab_Proj/baseline/../../gem5/build/ALL/gem5.opt -s --outdir=results_nopf_multisim --stdout-file=matmult_nopf_ddr4_2x_simout.txt --stderr-file=matmult_nopf_ddr4_2x_simerr.txt --stats-file=stats.txt -c 'from multiprocessing.spawn import spawn_main; spawn_main(tracker_fd=7, pipe_handle=13)' --multiprocessing-fork

src/sim/mem_state.cc:443: info: Increasing stack size by one page.
src/sim/syscall_emul.hh:1121: warn: readlink() called on '/proc/self/exe' may yield unexpected results in various settings.
      Returning '/home/fdemirel/HPC_Lab_Proj/benchmarks/matmult/matmult-m5.x'
src/arch/arm/insts/pseudo.cc:174: warn: 	instruction 'bti' unimplemented
src/mem/dram_interface.cc:690: warn: DRAM device capacity (16384 Mbytes) does not match the address range assigned (1024 Mbytes)
src/base/statistics.hh:279: warn: One of the stats is a legacy stat. Legacy stat is a stat that does not belong to any statistics::Group. Legacy stat is deprecated.
board.remote_gdb: Listening for connections on port 7001
gem5 Simulator System.  https://www.gem5.org
gem5 is copyrighted software; use the --copyright option for details.

gem5 version 25.0.0.1
gem5 compiled May  5 2026 12:55:05
gem5 started Jun 19 2026 15:28:18
gem5 executing on cn27.guoehi.cluster, pid 197288
command line: /home/fdemirel/HPC_Lab_Proj/baseline/../../gem5/build/ALL/gem5.opt -s --outdir=results_nopf_multisim --stdout-file=matmult_nopf_ddr4_1x_simout.txt --stderr-file=matmult_nopf_ddr4_1x_simerr.txt --stats-file=stats.txt -c 'from multiprocessing.spawn import spawn_main; spawn_main(tracker_fd=7, pipe_handle=13)' --multiprocessing-fork

src/sim/mem_state.cc:443: info: Increasing stack size by one page.
src/sim/syscall_emul.hh:1121: warn: readlink() called on '/proc/self/exe' may yield unexpected results in various settings.
      Returning '/home/fdemirel/HPC_Lab_Proj/benchmarks/matmult/matmult-m5.x'
src/arch/arm/insts/pseudo.cc:174: warn: 	instruction 'bti' unimplemented

----MATRIX MULTIPLICATION----

----Computation starts----
Loop 0 ... 
argc = 2, A[argc][argc] = 0.500000, B[argc][argc] = 0.500000, C[argc][argc] = 0.500000 
Execution time: 1.289953 (ms) 

----MATRIX MULTIPLICATION----

----Computation starts----
Loop 0 ... 
argc = 2, A[argc][argc] = 0.500000, B[argc][argc] = 0.500000, C[argc][argc] = 0.500000 
Execution time: 1.270692 (ms) 
Finished BFS.
Finished BFS.
info: Cleaning up processes
